// Jest Snapshot v1, https://goo.gl/fbAQLP

exports[`Bottom Row Creation Render component 1`] = `
<View
  style={
    Object {
      "flex": 1,
      "flexDirection": "row",
      "justifyContent": "space-between",
      "margin": 10,
    }
  }
>
  <Text
    style={
      Object {
        "alignSelf": "flex-end",
        "color": "white",
        "fontSize": 20,
        "letterSpacing": 5,
        "paddingBottom": 5,
      }
    }
  >
    John Wick
  </Text>
  <View
    style={
      Object {
        "alignSelf": "flex-end",
      }
    }
  >
    <Text
      style={
        Object {
          "color": "white",
          "fontSize": 7,
          "letterSpacing": 2,
        }
      }
    >
      month/year
    </Text>
    <Text
      style={
        Object {
          "color": "white",
          "fontSize": 17,
          "letterSpacing": 2,
          "paddingBottom": 5,
        }
      }
    >
      04/21
    </Text>
  </View>
</View>
`;
