// Jest Snapshot v1, https://goo.gl/fbAQLP

exports[`Card Creation Render component 1`] = `
<View
  style={
    Object {
      "flex": 1,
      "justifyContent": "flex-start",
      "margin": 10,
    }
  }
>
  <View
    style={
      Object {
        "alignSelf": "center",
        "backgroundColor": "green",
        "borderRadius": 15,
        "height": 200,
        "width": 710,
      }
    }
  >
    <View
      style={
        Object {
          "flex": 1,
          "flexDirection": "row",
          "justifyContent": "space-between",
          "margin": 10,
        }
      }
    >
      <Image
        source={
          Object {
            "testUri": "../../../src/assets/hologram.png",
          }
        }
        style={
          Object {
            "height": 50,
            "width": 50,
          }
        }
      />
      <Image
        source={
          Object {
            "testUri": "../../../src/assets/mastercard.png",
          }
        }
        style={
          Object {
            "height": 60,
            "width": 60,
          }
        }
      />
    </View>
    <View
      style={
        Object {
          "alignItems": "center",
          "flex": 1,
          "flexDirection": "row",
          "justifyContent": "center",
        }
      }
    >
      <Text
        style={
          Object {
            "color": "white",
            "fontFamily": "monospace",
            "fontSize": 25,
            "letterSpacing": 2,
          }
        }
      >
        1234 56
      </Text>
      <Text
        style={
          Object {
            "color": "white",
            "fontFamily": "monospace",
            "fontSize": 25,
            "letterSpacing": 2,
          }
        }
      >
        78 9876 5432
      </Text>
    </View>
    <View
      style={
        Object {
          "flex": 1,
          "flexDirection": "row",
          "justifyContent": "space-between",
          "margin": 10,
        }
      }
    >
      <Text
        style={
          Object {
            "alignSelf": "flex-end",
            "color": "white",
            "fontSize": 20,
            "letterSpacing": 5,
            "paddingBottom": 5,
          }
        }
      >
        John Wick
      </Text>
      <View
        style={
          Object {
            "alignSelf": "flex-end",
          }
        }
      >
        <Text
          style={
            Object {
              "color": "white",
              "fontSize": 7,
              "letterSpacing": 2,
            }
          }
        >
          month/year
        </Text>
        <Text
          style={
            Object {
              "color": "white",
              "fontSize": 17,
              "letterSpacing": 2,
              "paddingBottom": 5,
            }
          }
        >
          04/21
        </Text>
      </View>
    </View>
  </View>
  <View
    style={
      Object {
        "alignSelf": "center",
        "borderColor": "gray",
        "borderRadius": 12,
        "borderTopColor": "transparent",
        "borderTopWidth": 0,
        "borderWidth": 1,
        "height": 1000.5,
        "position": "absolute",
        "top": 150,
        "width": 730,
      }
    }
  />
</View>
`;
